BL51 BANKED LINKER/LOCATER V6.22.2.0                                                    04/29/2020  09:57:45  PAGE 1


BL51 BANKED LINKER/LOCATER V6.22.2.0, INVOKED BY:
C:\KEIL_V5\C51\BIN\BL51.EXE .\Objects\main.obj TO .\Objects\TEST PRINT (.\Listings\TEST.m51) RAMSIZE (256)


INPUT MODULES INCLUDED:
  .\Objects\main.obj (MAIN)


LINK MAP OF MODULE:  .\Objects\TEST (MAIN)


            TYPE    BASE      LENGTH    RELOCATION   SEGMENT NAME
            -----------------------------------------------------

            * * * * * * *   D A T A   M E M O R Y   * * * * * * *
            REG     0000H     0008H     ABSOLUTE     "REG BANK 0"

            * * * * * * *   C O D E   M E M O R Y   * * * * * * *
            CODE    0000H     0040H     ABSOLUTE     



SYMBOL TABLE OF MODULE:  .\Objects\TEST (MAIN)

  VALUE           TYPE          NAME
  ----------------------------------

  -------         MODULE        MAIN
  C:003EH         SYMBOL        HERE
  D:00A8H         SYMBOL        IE
  C:0030H         SYMBOL        MAIN
  D:0090H         SYMBOL        P1
  D:008CH         SYMBOL        TH0
  D:008AH         SYMBOL        TL0
  D:0089H         SYMBOL        TMOD
  B:0088H.4       SYMBOL        TR0
  C:0000H         LINE#         2
  C:000BH         LINE#         5
  C:000DH         LINE#         6
  C:0010H         LINE#         7
  C:0013H         LINE#         8
  C:0030H         LINE#         10
  C:0033H         LINE#         11
  C:0036H         LINE#         12
  C:0039H         LINE#         13
  C:003CH         LINE#         14
  C:003EH         LINE#         15
  -------         ENDMOD        MAIN

******************************************************************************
* RESTRICTED VERSION WITH 0800H BYTE CODE SIZE LIMIT; USED: 001CH BYTE ( 1%) *
******************************************************************************

Program Size: data=8.0 xdata=0 code=64
LINK/LOCATE RUN COMPLETE.  0 WARNING(S),  0 ERROR(S)
