C51 COMPILER V9.60.0.0   MAIN                                                              04/23/2020 22:09:14 PAGE 1   


C51 COMPILER V9.60.0.0, COMPILATION OF MODULE MAIN
OBJECT MODULE PLACED IN .\Objects\main.obj
COMPILER INVOKED BY: C:\Keil_v5\C51\BIN\C51.EXE main.c OPTIMIZE(8,SPEED) BROWSE DEBUG OBJECTEXTEND PRINT(.\Listings\main
                    -.lst) TABS(2) OBJECT(.\Objects\main.obj)

line level    source

   1          #include <regx52.h>
   2          #include "LIB_lcd_8051.h"
   3          #include "Port_lcd_4bit.h"
   4          #include <math.h>
   5          #include <stdio.h>
   6          float m;
   7          int t;
   8          char str[16];
   9          void Dem_xung()
  10          {
  11   1        TH0=0;
  12   1        TL0=0;
  13   1        TMOD&=0xF0;
  14   1        TMOD|=0x09;
  15   1        while(P3_2);
  16   1        while(!P3_2);
  17   1        TR0=1;
  18   1        while(P3_2);
  19   1        TR0=0;
  20   1        t=TH0;
  21   1        t<<=8;
  22   1        t|=TL0;
  23   1        m=(float)t*pow(10,-6)*2;    //neu de tan so <15Hz, xay ra loi ??? theo tinh toan phair nhor hon 7HZ moi x
             -ra loi :)
  24   1      }
  25          void main()
  26          {
  27   1        LCD_Init();
  28   1        LCD_SetCursor(0,0);
  29   1        Dem_xung();
  30   1        sprintf(str,"Tan so: %.6f",1/m);
  31   1        LCD_Print(str);
  32   1        while(1){}
  33   1        }
  34            


MODULE INFORMATION:   STATIC OVERLAYABLE
   CODE SIZE        =    175    ----
   CONSTANT SIZE    =     13    ----
   XDATA SIZE       =   ----    ----
   PDATA SIZE       =   ----    ----
   DATA SIZE        =     22    ----
   IDATA SIZE       =   ----    ----
   BIT SIZE         =   ----    ----
END OF MODULE INFORMATION.


C51 COMPILATION COMPLETE.  0 WARNING(S),  0 ERROR(S)
